Collected H_alignment_experimental/hfnc
Collected H_alignment_experimental/imv
Collected H_alignment_experimental/low_flow
Collected H_alignment_experimental/room_air
Collected H_alignment_historical/hfnc
Collected H_alignment_historical/imv
Collected H_alignment_historical/low_flow
Collected H_alignment_historical/room_air
Collected H_baseline_density_experimental/hfnc
Collected H_baseline_density_experimental/imv
Collected H_baseline_density_experimental/low_flow
Collected H_baseline_density_experimental/room_air
Collected H_baseline_density_historical/hfnc
Collected H_baseline_density_historical/imv
Collected H_baseline_density_historical/low_flow
Collected H_baseline_density_historical/room_air
Collected H_density_experimental/hfnc
Collected H_density_experimental/imv
Collected H_density_experimental/low_flow
Collected H_density_experimental/room_air
Collected H_density_historical/hfnc
Collected H_density_historical/imv
Collected H_density_historical/low_flow
Collected H_density_historical/room_air
Collected H_history_experimental/hfnc
Collected H_history_experimental/imv
Collected H_history_experimental/low_flow
Collected H_history_experimental/room_air
Collected H_history_historical/hfnc
Collected H_history_historical/imv
Collected H_history_historical/low_flow
Collected H_history_historical/room_air
Collected H_missing_experimental/hfnc
Collected H_missing_experimental/imv
Collected H_missing_experimental/low_flow
Collected H_missing_experimental/room_air
Collected H_missing_historical/hfnc
Collected H_missing_historical/imv
Collected H_missing_historical/low_flow
Collected H_missing_historical/room_air
Collected H_timing_experimental/hfnc
Collected H_timing_experimental/imv
Collected H_timing_experimental/low_flow
Collected H_timing_experimental/room_air
Collected H_timing_historical/hfnc
Collected H_timing_historical/imv
Collected H_timing_historical/low_flow
Collected H_timing_historical/room_air
