1/48 verified: experiments/trops_v1/H_density_historical__room_air.json
2/48 verified: experiments/trops_v1/H_density_historical__low_flow.json
3/48 verified: experiments/trops_v1/H_density_historical__imv.json
4/48 verified: experiments/trops_v1/H_density_historical__hfnc.json
5/48 verified: experiments/trops_v1/H_density_experimental__room_air.json
6/48 verified: experiments/trops_v1/H_density_experimental__low_flow.json
7/48 verified: experiments/trops_v1/H_density_experimental__hfnc.json
8/48 verified: experiments/trops_v1/H_density_experimental__imv.json
9/48 verified: experiments/trops_v1/H_missing_historical__room_air.json
10/48 verified: experiments/trops_v1/H_missing_historical__low_flow.json
11/48 verified: experiments/trops_v1/H_missing_historical__imv.json
12/48 verified: experiments/trops_v1/H_missing_historical__hfnc.json
13/48 verified: experiments/trops_v1/H_missing_experimental__room_air.json
14/48 verified: experiments/trops_v1/H_missing_experimental__low_flow.json
15/48 verified: experiments/trops_v1/H_missing_experimental__imv.json
16/48 verified: experiments/trops_v1/H_missing_experimental__hfnc.json
17/48 verified: experiments/trops_v1/H_timing_historical__room_air.json
18/48 verified: experiments/trops_v1/H_timing_historical__low_flow.json
19/48 verified: experiments/trops_v1/H_timing_historical__hfnc.json
20/48 verified: experiments/trops_v1/H_timing_historical__imv.json
21/48 verified: experiments/trops_v1/H_timing_experimental__room_air.json
22/48 verified: experiments/trops_v1/H_timing_experimental__low_flow.json
23/48 verified: experiments/trops_v1/H_timing_experimental__hfnc.json
24/48 verified: experiments/trops_v1/H_timing_experimental__imv.json
25/48 verified: experiments/trops_v1/H_baseline_density_historical__room_air.json
26/48 verified: experiments/trops_v1/H_baseline_density_historical__low_flow.json
27/48 verified: experiments/trops_v1/H_baseline_density_historical__hfnc.json
28/48 verified: experiments/trops_v1/H_baseline_density_historical__imv.json
29/48 verified: experiments/trops_v1/H_baseline_density_experimental__room_air.json
30/48 verified: experiments/trops_v1/H_baseline_density_experimental__low_flow.json
31/48 verified: experiments/trops_v1/H_baseline_density_experimental__hfnc.json
32/48 verified: experiments/trops_v1/H_baseline_density_experimental__imv.json
33/48 verified: experiments/trops_v1/H_history_historical__room_air.json
34/48 verified: experiments/trops_v1/H_history_historical__low_flow.json
35/48 verified: experiments/trops_v1/H_history_historical__hfnc.json
36/48 verified: experiments/trops_v1/H_history_historical__imv.json
37/48 verified: experiments/trops_v1/H_history_experimental__room_air.json
38/48 verified: experiments/trops_v1/H_history_experimental__low_flow.json
39/48 verified: experiments/trops_v1/H_history_experimental__hfnc.json
40/48 verified: experiments/trops_v1/H_history_experimental__imv.json
41/48 verified: experiments/trops_v1/H_alignment_historical__room_air.json
42/48 verified: experiments/trops_v1/H_alignment_historical__low_flow.json
43/48 verified: experiments/trops_v1/H_alignment_historical__imv.json
44/48 verified: experiments/trops_v1/H_alignment_historical__hfnc.json
45/48 verified: experiments/trops_v1/H_alignment_experimental__room_air.json
46/48 verified: experiments/trops_v1/H_alignment_experimental__low_flow.json
47/48 verified: experiments/trops_v1/H_alignment_experimental__imv.json
48/48 verified: experiments/trops_v1/H_alignment_experimental__hfnc.json
